WARNING: A restricted method in java.lang.System has been called
WARNING: java.lang.System::load has been called by net.rubygrapefruit.platform.internal.NativeLibraryLoader in an unnamed module (file:/home/aleemkanyu/.gradle/wrapper/dists/gradle-8.11.1-bin/bpt9gzteqjrbo1mjrsomdt32c/gradle-8.11.1/lib/native-platform-0.22-milestone-26.jar)
WARNING: Use --enable-native-access=ALL-UNNAMED to avoid a warning for callers in this module
WARNING: Restricted methods will be blocked in a future release unless native access is enabled

Initialized native services in: /home/aleemkanyu/.gradle/native
Initialized jansi services in: /home/aleemkanyu/.gradle/native
The client will now receive all logging from the daemon (pid: 49789). The daemon log file: /home/aleemkanyu/.gradle/daemon/8.11.1/daemon-49789.out.log
Starting 8th build in daemon [uptime: 6 mins 38.848 secs, performance: 99%, GC rate: 0.00/s, heap usage: 0% of 4 GiB]
Using 8 worker leases.
Now considering [/home/aleemkanyu/.gemini/antigravity/scratch/PocketCraft] as hierarchies to watch
Watching the file system is configured to be enabled if available
File system watching is active
Starting Build
Caching disabled for Kotlin DSL script compilation (Settings/TopLevel/stage1) because:
  Build cache is disabled

FAILURE: Build failed with an exception.

* What went wrong:
26.0.2

* Try:
> Run with --stacktrace option to get the stack trace.
> Run with --debug option to get more log output.
> Run with --scan to get full insights.
> Get more help at https://help.gradle.org.

BUILD FAILED in 809ms
